CCS PCM C Compiler, Version 5.015, 5967               02-May-25 03:27

               Filename:   E:\AUXILIAR\MICRO\LENGUAJE C\pic16f877a\LAB MICRO\MAX6675_PAP.lst

               ROM used:   1787 words (22%)
                           Largest free fragment is 2048
               RAM used:   11 (3%) at main() level
                           37 (10%) worst case
               Stack used: 5 locations
               Stack size: 8

*
0000:  MOVLW  06
0001:  MOVWF  0A
0002:  GOTO   692
0003:  NOP
.................... /* 
....................  * Autor: Rodrigo C.C 
....................  * El siguiente programa realiza el control de temperatura de una hornilla electrica 
....................  * utilizando una termocupla tipo k, cuando la temperatura llega a los 45 Grados el  
....................  * motor gira en sentido horario. Cuando la temperatura esta por debajo de los 35 grados  
....................  * el motor gira en sentido antihorario. 
....................  * La tecnica de control usado es 'control on-off' 
....................  * 
....................  * Observaciones: Para un buen control de  temperatura utilizar 'control PID' ademas controlar los grados del 
....................  * motor PAP para mayor precision. 
....................  * Bibliografia:  https://controlautomaticoeducacion.com/sistemas-embebidos/microcontroladores-pic/termopar-tipo-k-con-pic/ 
....................  *                https://youtu.be/jPWzH1l8c34?si=LOtnK1IddSU32vIZ 
....................  */ 
....................  
.................... #include <16f877a.h> 
.................... //////////// Standard Header file for the PIC16F877A device //////////////// 
.................... /////////////////////////////////////////////////////////////////////////// 
.................... ////        (C) Copyright 1996, 2013 Custom Computer Services          //// 
.................... //// This source code may only be used by licensed users of the CCS C  //// 
.................... //// compiler.  This source code may only be distributed to other      //// 
.................... //// licensed users of the CCS C compiler.  No other use, reproduction //// 
.................... //// or distribution is permitted without written permission.          //// 
.................... //// Derivative programs created using this software in object code    //// 
.................... //// form are not restricted in any way.                               //// 
.................... /////////////////////////////////////////////////////////////////////////// 
.................... #device PIC16F877A 
0004:  BCF    0A.0
0005:  BCF    0A.1
0006:  BCF    0A.2
0007:  ADDWF  02,F
0008:  RETLW  0C
0009:  RETLW  06
000A:  RETLW  03
000B:  RETLW  09
000C:  DATA 0C,00
000D:  DATA D4,32
000E:  DATA 6D,38
000F:  DATA 65,39
0010:  DATA 61,3A
0011:  DATA 75,39
0012:  DATA 61,00
*
0164:  MOVF   0B,W
0165:  MOVWF  26
0166:  BCF    0B.7
0167:  BSF    03.5
0168:  BSF    03.6
0169:  BSF    0C.7
016A:  BSF    0C.0
016B:  NOP
016C:  NOP
016D:  BCF    03.5
016E:  BCF    03.6
016F:  BTFSC  26.7
0170:  BSF    0B.7
0171:  BSF    03.6
0172:  MOVF   0C,W
0173:  ANDLW  7F
0174:  BTFSC  03.2
0175:  GOTO   1B8
0176:  BCF    03.6
0177:  MOVWF  26
0178:  BSF    03.6
0179:  MOVF   0D,W
017A:  BCF    03.6
017B:  MOVWF  27
017C:  BSF    03.6
017D:  MOVF   0F,W
017E:  BCF    03.6
017F:  MOVWF  28
0180:  MOVF   26,W
0181:  MOVWF  33
0182:  CALL   138
0183:  MOVF   27,W
0184:  BSF    03.6
0185:  MOVWF  0D
0186:  BCF    03.6
0187:  MOVF   28,W
0188:  BSF    03.6
0189:  MOVWF  0F
018A:  BCF    03.6
018B:  MOVF   0B,W
018C:  MOVWF  29
018D:  BCF    0B.7
018E:  BSF    03.5
018F:  BSF    03.6
0190:  BSF    0C.7
0191:  BSF    0C.0
0192:  NOP
0193:  NOP
0194:  BCF    03.5
0195:  BCF    03.6
0196:  BTFSC  29.7
0197:  BSF    0B.7
0198:  BSF    03.6
0199:  RLF    0C,W
019A:  RLF    0E,W
019B:  ANDLW  7F
019C:  BTFSC  03.2
019D:  GOTO   1B8
019E:  BCF    03.6
019F:  MOVWF  26
01A0:  BSF    03.6
01A1:  MOVF   0D,W
01A2:  BCF    03.6
01A3:  MOVWF  27
01A4:  BSF    03.6
01A5:  MOVF   0F,W
01A6:  BCF    03.6
01A7:  MOVWF  28
01A8:  MOVF   26,W
01A9:  MOVWF  33
01AA:  CALL   138
01AB:  MOVF   27,W
01AC:  BSF    03.6
01AD:  MOVWF  0D
01AE:  BCF    03.6
01AF:  MOVF   28,W
01B0:  BSF    03.6
01B1:  MOVWF  0F
01B2:  INCF   0D,F
01B3:  BTFSC  03.2
01B4:  INCF   0F,F
01B5:  BCF    03.6
01B6:  GOTO   164
01B7:  BSF    03.6
01B8:  BCF    03.6
01B9:  RETURN
*
022F:  MOVLW  8E
0230:  MOVWF  77
0231:  MOVF   2B,W
0232:  MOVWF  78
0233:  MOVF   2A,W
0234:  MOVWF  79
0235:  CLRF   7A
0236:  MOVF   78,F
0237:  BTFSS  03.2
0238:  GOTO   243
0239:  MOVF   79,W
023A:  MOVWF  78
023B:  CLRF   79
023C:  MOVLW  08
023D:  SUBWF  77,F
023E:  MOVF   78,F
023F:  BTFSS  03.2
0240:  GOTO   243
0241:  CLRF   77
0242:  GOTO   24B
0243:  BCF    03.0
0244:  BTFSC  78.7
0245:  GOTO   24A
0246:  RLF    79,F
0247:  RLF    78,F
0248:  DECF   77,F
0249:  GOTO   243
024A:  BCF    78.7
*
0262:  MOVLW  80
0263:  BTFSC  03.1
0264:  XORWF  33,F
0265:  CLRF   38
0266:  CLRF   39
0267:  MOVF   2F,W
0268:  MOVWF  37
0269:  MOVF   33,W
026A:  XORWF  37,F
026B:  MOVF   2E,W
026C:  BTFSC  03.2
026D:  GOTO   352
026E:  MOVWF  36
026F:  MOVWF  77
0270:  MOVF   32,W
0271:  BTFSC  03.2
0272:  GOTO   35B
0273:  SUBWF  36,F
0274:  BTFSC  03.2
0275:  GOTO   2F7
0276:  BTFSS  03.0
0277:  GOTO   2B5
0278:  MOVF   33,W
0279:  MOVWF  3C
027A:  BSF    3C.7
027B:  MOVF   34,W
027C:  MOVWF  3B
027D:  MOVF   35,W
027E:  MOVWF  3A
027F:  CLRF   39
0280:  BCF    03.0
0281:  RRF    3C,F
0282:  RRF    3B,F
0283:  RRF    3A,F
0284:  RRF    39,F
0285:  DECFSZ 36,F
0286:  GOTO   27F
0287:  BTFSS  37.7
0288:  GOTO   28C
0289:  BSF    38.0
028A:  GOTO   36F
028B:  BCF    38.0
028C:  BCF    36.0
028D:  BSF    38.4
028E:  MOVLW  31
028F:  MOVWF  04
0290:  BCF    03.7
0291:  GOTO   384
0292:  BCF    38.4
0293:  BTFSC  37.7
0294:  GOTO   29F
0295:  BTFSS  36.0
0296:  GOTO   2AA
0297:  RRF    3C,F
0298:  RRF    3B,F
0299:  RRF    3A,F
029A:  RRF    39,F
029B:  INCF   77,F
029C:  BTFSC  03.2
029D:  GOTO   36A
029E:  GOTO   2AA
029F:  BTFSC  3C.7
02A0:  GOTO   2AD
02A1:  BCF    03.0
02A2:  RLF    39,F
02A3:  RLF    3A,F
02A4:  RLF    3B,F
02A5:  RLF    3C,F
02A6:  DECF   77,F
02A7:  BTFSC  03.2
02A8:  GOTO   36A
02A9:  GOTO   29F
02AA:  BSF    38.6
02AB:  GOTO   317
02AC:  BCF    38.6
02AD:  MOVF   2F,W
02AE:  MOVWF  37
02AF:  BTFSS  37.7
02B0:  GOTO   2B3
02B1:  BSF    3C.7
02B2:  GOTO   363
02B3:  BCF    3C.7
02B4:  GOTO   363
02B5:  MOVF   32,W
02B6:  MOVWF  36
02B7:  MOVWF  77
02B8:  MOVF   2E,W
02B9:  SUBWF  36,F
02BA:  MOVF   2F,W
02BB:  MOVWF  3C
02BC:  BSF    3C.7
02BD:  MOVF   30,W
02BE:  MOVWF  3B
02BF:  MOVF   31,W
02C0:  MOVWF  3A
02C1:  CLRF   39
02C2:  BCF    03.0
02C3:  RRF    3C,F
02C4:  RRF    3B,F
02C5:  RRF    3A,F
02C6:  RRF    39,F
02C7:  DECFSZ 36,F
02C8:  GOTO   2C1
02C9:  BTFSS  37.7
02CA:  GOTO   2CE
02CB:  BSF    38.1
02CC:  GOTO   36F
02CD:  BCF    38.1
02CE:  BCF    36.0
02CF:  BSF    38.5
02D0:  MOVLW  35
02D1:  MOVWF  04
02D2:  BCF    03.7
02D3:  GOTO   384
02D4:  BCF    38.5
02D5:  BTFSC  37.7
02D6:  GOTO   2E1
02D7:  BTFSS  36.0
02D8:  GOTO   2EC
02D9:  RRF    3C,F
02DA:  RRF    3B,F
02DB:  RRF    3A,F
02DC:  RRF    39,F
02DD:  INCF   77,F
02DE:  BTFSC  03.2
02DF:  GOTO   36A
02E0:  GOTO   2EC
02E1:  BTFSC  3C.7
02E2:  GOTO   2EF
02E3:  BCF    03.0
02E4:  RLF    39,F
02E5:  RLF    3A,F
02E6:  RLF    3B,F
02E7:  RLF    3C,F
02E8:  DECF   77,F
02E9:  BTFSC  03.2
02EA:  GOTO   36A
02EB:  GOTO   2E1
02EC:  BSF    38.7
02ED:  GOTO   317
02EE:  BCF    38.7
02EF:  MOVF   33,W
02F0:  MOVWF  37
02F1:  BTFSS  37.7
02F2:  GOTO   2F5
02F3:  BSF    3C.7
02F4:  GOTO   363
02F5:  BCF    3C.7
02F6:  GOTO   363
02F7:  MOVF   33,W
02F8:  MOVWF  3C
02F9:  BSF    3C.7
02FA:  MOVF   34,W
02FB:  MOVWF  3B
02FC:  MOVF   35,W
02FD:  MOVWF  3A
02FE:  BTFSS  37.7
02FF:  GOTO   304
0300:  BCF    3C.7
0301:  BSF    38.2
0302:  GOTO   36F
0303:  BCF    38.2
0304:  CLRF   39
0305:  BCF    36.0
0306:  MOVLW  31
0307:  MOVWF  04
0308:  BCF    03.7
0309:  GOTO   384
030A:  BTFSC  37.7
030B:  GOTO   32D
030C:  MOVF   2F,W
030D:  MOVWF  37
030E:  BTFSS  36.0
030F:  GOTO   317
0310:  RRF    3C,F
0311:  RRF    3B,F
0312:  RRF    3A,F
0313:  RRF    39,F
0314:  INCF   77,F
0315:  BTFSC  03.2
0316:  GOTO   36A
0317:  BTFSS  39.7
0318:  GOTO   328
0319:  INCF   3A,F
031A:  BTFSS  03.2
031B:  GOTO   328
031C:  INCF   3B,F
031D:  BTFSS  03.2
031E:  GOTO   328
031F:  INCF   3C,F
0320:  BTFSS  03.2
0321:  GOTO   328
0322:  RRF    3C,F
0323:  RRF    3B,F
0324:  RRF    3A,F
0325:  INCF   77,F
0326:  BTFSC  03.2
0327:  GOTO   36A
0328:  BTFSC  38.6
0329:  GOTO   2AC
032A:  BTFSC  38.7
032B:  GOTO   2EE
032C:  GOTO   34C
032D:  MOVLW  80
032E:  XORWF  3C,F
032F:  BTFSS  3C.7
0330:  GOTO   335
0331:  GOTO   36F
0332:  MOVF   33,W
0333:  MOVWF  37
0334:  GOTO   342
0335:  MOVF   2F,W
0336:  MOVWF  37
0337:  MOVF   3C,F
0338:  BTFSS  03.2
0339:  GOTO   342
033A:  MOVF   3B,F
033B:  BTFSS  03.2
033C:  GOTO   342
033D:  MOVF   3A,F
033E:  BTFSS  03.2
033F:  GOTO   342
0340:  CLRF   77
0341:  GOTO   363
0342:  BTFSC  3C.7
0343:  GOTO   34C
0344:  BCF    03.0
0345:  RLF    39,F
0346:  RLF    3A,F
0347:  RLF    3B,F
0348:  RLF    3C,F
0349:  DECFSZ 77,F
034A:  GOTO   342
034B:  GOTO   36A
034C:  BTFSS  37.7
034D:  GOTO   350
034E:  BSF    3C.7
034F:  GOTO   363
0350:  BCF    3C.7
0351:  GOTO   363
0352:  MOVF   32,W
0353:  MOVWF  77
0354:  MOVF   33,W
0355:  MOVWF  3C
0356:  MOVF   34,W
0357:  MOVWF  3B
0358:  MOVF   35,W
0359:  MOVWF  3A
035A:  GOTO   363
035B:  MOVF   2E,W
035C:  MOVWF  77
035D:  MOVF   2F,W
035E:  MOVWF  3C
035F:  MOVF   30,W
0360:  MOVWF  3B
0361:  MOVF   31,W
0362:  MOVWF  3A
0363:  MOVF   3C,W
0364:  MOVWF  78
0365:  MOVF   3B,W
0366:  MOVWF  79
0367:  MOVF   3A,W
0368:  MOVWF  7A
0369:  GOTO   3A2
036A:  CLRF   77
036B:  CLRF   78
036C:  CLRF   79
036D:  CLRF   7A
036E:  GOTO   3A2
036F:  CLRF   39
0370:  COMF   3A,F
0371:  COMF   3B,F
0372:  COMF   3C,F
0373:  COMF   39,F
0374:  INCF   39,F
0375:  BTFSS  03.2
0376:  GOTO   37D
0377:  INCF   3A,F
0378:  BTFSS  03.2
0379:  GOTO   37D
037A:  INCF   3B,F
037B:  BTFSC  03.2
037C:  INCF   3C,F
037D:  BTFSC  38.0
037E:  GOTO   28B
037F:  BTFSC  38.1
0380:  GOTO   2CD
0381:  BTFSC  38.2
0382:  GOTO   303
0383:  GOTO   332
0384:  MOVF   00,W
0385:  ADDWF  3A,F
0386:  BTFSS  03.0
0387:  GOTO   38E
0388:  INCF   3B,F
0389:  BTFSS  03.2
038A:  GOTO   38E
038B:  INCF   3C,F
038C:  BTFSC  03.2
038D:  BSF    36.0
038E:  DECF   04,F
038F:  MOVF   00,W
0390:  ADDWF  3B,F
0391:  BTFSS  03.0
0392:  GOTO   396
0393:  INCF   3C,F
0394:  BTFSC  03.2
0395:  BSF    36.0
0396:  DECF   04,F
0397:  MOVF   00,W
0398:  BTFSS  00.7
0399:  XORLW  80
039A:  ADDWF  3C,F
039B:  BTFSC  03.0
039C:  BSF    36.0
039D:  BTFSC  38.4
039E:  GOTO   292
039F:  BTFSC  38.5
03A0:  GOTO   2D4
03A1:  GOTO   30A
*
03BA:  MOVF   2E,W
03BB:  BTFSC  03.2
03BC:  GOTO   47F
03BD:  MOVWF  3A
03BE:  MOVF   32,W
03BF:  BTFSC  03.2
03C0:  GOTO   47F
03C1:  SUBWF  3A,F
03C2:  BTFSS  03.0
03C3:  GOTO   3C9
03C4:  MOVLW  7F
03C5:  ADDWF  3A,F
03C6:  BTFSC  03.0
03C7:  GOTO   47F
03C8:  GOTO   3CF
03C9:  MOVLW  81
03CA:  SUBWF  3A,F
03CB:  BTFSS  03.0
03CC:  GOTO   47F
03CD:  BTFSC  03.2
03CE:  GOTO   47F
03CF:  MOVF   3A,W
03D0:  MOVWF  77
03D1:  CLRF   78
03D2:  CLRF   79
03D3:  CLRF   7A
03D4:  CLRF   39
03D5:  MOVF   2F,W
03D6:  MOVWF  38
03D7:  BSF    38.7
03D8:  MOVF   30,W
03D9:  MOVWF  37
03DA:  MOVF   31,W
03DB:  MOVWF  36
03DC:  MOVLW  19
03DD:  MOVWF  3A
03DE:  MOVF   35,W
03DF:  SUBWF  36,F
03E0:  BTFSC  03.0
03E1:  GOTO   3F2
03E2:  MOVLW  01
03E3:  SUBWF  37,F
03E4:  BTFSC  03.0
03E5:  GOTO   3F2
03E6:  SUBWF  38,F
03E7:  BTFSC  03.0
03E8:  GOTO   3F2
03E9:  SUBWF  39,F
03EA:  BTFSC  03.0
03EB:  GOTO   3F2
03EC:  INCF   39,F
03ED:  INCF   38,F
03EE:  INCF   37,F
03EF:  MOVF   35,W
03F0:  ADDWF  36,F
03F1:  GOTO   424
03F2:  MOVF   34,W
03F3:  SUBWF  37,F
03F4:  BTFSC  03.0
03F5:  GOTO   40D
03F6:  MOVLW  01
03F7:  SUBWF  38,F
03F8:  BTFSC  03.0
03F9:  GOTO   40D
03FA:  SUBWF  39,F
03FB:  BTFSC  03.0
03FC:  GOTO   40D
03FD:  INCF   39,F
03FE:  INCF   38,F
03FF:  MOVF   34,W
0400:  ADDWF  37,F
0401:  MOVF   35,W
0402:  ADDWF  36,F
0403:  BTFSS  03.0
0404:  GOTO   424
0405:  INCF   37,F
0406:  BTFSS  03.2
0407:  GOTO   424
0408:  INCF   38,F
0409:  BTFSS  03.2
040A:  GOTO   424
040B:  INCF   39,F
040C:  GOTO   424
040D:  MOVF   33,W
040E:  IORLW  80
040F:  SUBWF  38,F
0410:  BTFSC  03.0
0411:  GOTO   423
0412:  MOVLW  01
0413:  SUBWF  39,F
0414:  BTFSC  03.0
0415:  GOTO   423
0416:  INCF   39,F
0417:  MOVF   33,W
0418:  IORLW  80
0419:  ADDWF  38,F
041A:  MOVF   34,W
041B:  ADDWF  37,F
041C:  BTFSS  03.0
041D:  GOTO   401
041E:  INCF   38,F
041F:  BTFSS  03.2
0420:  GOTO   401
0421:  INCF   39,F
0422:  GOTO   401
0423:  BSF    7A.0
0424:  DECFSZ 3A,F
0425:  GOTO   427
0426:  GOTO   432
0427:  BCF    03.0
0428:  RLF    36,F
0429:  RLF    37,F
042A:  RLF    38,F
042B:  RLF    39,F
042C:  BCF    03.0
042D:  RLF    7A,F
042E:  RLF    79,F
042F:  RLF    78,F
0430:  RLF    3B,F
0431:  GOTO   3DE
0432:  BTFSS  3B.0
0433:  GOTO   43A
0434:  BCF    03.0
0435:  RRF    78,F
0436:  RRF    79,F
0437:  RRF    7A,F
0438:  RRF    3B,F
0439:  GOTO   43D
043A:  DECF   77,F
043B:  BTFSC  03.2
043C:  GOTO   47F
043D:  BTFSC  3B.7
043E:  GOTO   466
043F:  BCF    03.0
0440:  RLF    36,F
0441:  RLF    37,F
0442:  RLF    38,F
0443:  RLF    39,F
0444:  MOVF   35,W
0445:  SUBWF  36,F
0446:  BTFSC  03.0
0447:  GOTO   452
0448:  MOVLW  01
0449:  SUBWF  37,F
044A:  BTFSC  03.0
044B:  GOTO   452
044C:  SUBWF  38,F
044D:  BTFSC  03.0
044E:  GOTO   452
044F:  SUBWF  39,F
0450:  BTFSS  03.0
0451:  GOTO   475
0452:  MOVF   34,W
0453:  SUBWF  37,F
0454:  BTFSC  03.0
0455:  GOTO   45D
0456:  MOVLW  01
0457:  SUBWF  38,F
0458:  BTFSC  03.0
0459:  GOTO   45D
045A:  SUBWF  39,F
045B:  BTFSS  03.0
045C:  GOTO   475
045D:  MOVF   33,W
045E:  IORLW  80
045F:  SUBWF  38,F
0460:  BTFSC  03.0
0461:  GOTO   466
0462:  MOVLW  01
0463:  SUBWF  39,F
0464:  BTFSS  03.0
0465:  GOTO   475
0466:  INCF   7A,F
0467:  BTFSS  03.2
0468:  GOTO   475
0469:  INCF   79,F
046A:  BTFSS  03.2
046B:  GOTO   475
046C:  INCF   78,F
046D:  BTFSS  03.2
046E:  GOTO   475
046F:  INCF   77,F
0470:  BTFSC  03.2
0471:  GOTO   47F
0472:  RRF    78,F
0473:  RRF    79,F
0474:  RRF    7A,F
0475:  MOVF   2F,W
0476:  MOVWF  3A
0477:  MOVF   33,W
0478:  XORWF  3A,F
0479:  BTFSS  3A.7
047A:  GOTO   47D
047B:  BSF    78.7
047C:  GOTO   483
047D:  BCF    78.7
047E:  GOTO   483
047F:  CLRF   77
0480:  CLRF   78
0481:  CLRF   79
0482:  CLRF   7A
*
0486:  BTFSC  03.1
0487:  GOTO   48B
0488:  MOVLW  3B
0489:  MOVWF  04
048A:  BCF    03.7
048B:  CLRF   77
048C:  CLRF   78
048D:  CLRF   79
048E:  CLRF   7A
048F:  CLRF   3B
0490:  CLRF   3C
0491:  CLRF   3D
0492:  CLRF   3E
0493:  MOVF   3A,W
0494:  IORWF  39,W
0495:  IORWF  38,W
0496:  IORWF  37,W
0497:  BTFSC  03.2
0498:  GOTO   4C9
0499:  MOVLW  20
049A:  MOVWF  3F
049B:  BCF    03.0
049C:  RLF    33,F
049D:  RLF    34,F
049E:  RLF    35,F
049F:  RLF    36,F
04A0:  RLF    3B,F
04A1:  RLF    3C,F
04A2:  RLF    3D,F
04A3:  RLF    3E,F
04A4:  MOVF   3A,W
04A5:  SUBWF  3E,W
04A6:  BTFSS  03.2
04A7:  GOTO   4B2
04A8:  MOVF   39,W
04A9:  SUBWF  3D,W
04AA:  BTFSS  03.2
04AB:  GOTO   4B2
04AC:  MOVF   38,W
04AD:  SUBWF  3C,W
04AE:  BTFSS  03.2
04AF:  GOTO   4B2
04B0:  MOVF   37,W
04B1:  SUBWF  3B,W
04B2:  BTFSS  03.0
04B3:  GOTO   4C3
04B4:  MOVF   37,W
04B5:  SUBWF  3B,F
04B6:  MOVF   38,W
04B7:  BTFSS  03.0
04B8:  INCFSZ 38,W
04B9:  SUBWF  3C,F
04BA:  MOVF   39,W
04BB:  BTFSS  03.0
04BC:  INCFSZ 39,W
04BD:  SUBWF  3D,F
04BE:  MOVF   3A,W
04BF:  BTFSS  03.0
04C0:  INCFSZ 3A,W
04C1:  SUBWF  3E,F
04C2:  BSF    03.0
04C3:  RLF    77,F
04C4:  RLF    78,F
04C5:  RLF    79,F
04C6:  RLF    7A,F
04C7:  DECFSZ 3F,F
04C8:  GOTO   49B
04C9:  MOVF   3B,W
04CA:  MOVWF  00
04CB:  INCF   04,F
04CC:  MOVF   3C,W
04CD:  MOVWF  00
04CE:  INCF   04,F
04CF:  MOVF   3D,W
04D0:  MOVWF  00
04D1:  INCF   04,F
04D2:  MOVF   3E,W
04D3:  MOVWF  00
04D4:  RETURN
04D5:  MOVF   04,W
04D6:  MOVWF  2B
04D7:  MOVF   2A,W
04D8:  MOVWF  2D
04D9:  BTFSC  03.2
04DA:  GOTO   567
04DB:  MOVF   29,W
04DC:  MOVWF  36
04DD:  MOVF   28,W
04DE:  MOVWF  35
04DF:  MOVF   27,W
04E0:  MOVWF  34
04E1:  MOVF   26,W
04E2:  MOVWF  33
04E3:  CLRF   3A
04E4:  CLRF   39
04E5:  MOVLW  20
04E6:  MOVWF  38
04E7:  MOVLW  82
04E8:  MOVWF  37
04E9:  MOVF   33,W
04EA:  BTFSC  03.2
04EB:  GOTO   559
04EC:  MOVWF  3B
04ED:  MOVF   37,W
04EE:  BTFSC  03.2
04EF:  GOTO   559
04F0:  ADDWF  3B,F
04F1:  BTFSC  03.0
04F2:  GOTO   4FA
04F3:  MOVLW  7F
04F4:  SUBWF  3B,F
04F5:  BTFSS  03.0
04F6:  GOTO   559
04F7:  BTFSC  03.2
04F8:  GOTO   559
04F9:  GOTO   4FE
04FA:  MOVLW  81
04FB:  ADDWF  3B,F
04FC:  BTFSC  03.0
04FD:  GOTO   559
04FE:  MOVF   3B,W
04FF:  MOVWF  77
0500:  CLRF   78
0501:  CLRF   79
0502:  CLRF   7A
0503:  MOVF   34,W
0504:  MOVWF  3F
0505:  BSF    3F.7
0506:  MOVF   35,W
0507:  MOVWF  3E
0508:  MOVF   36,W
0509:  MOVWF  3D
050A:  MOVLW  18
050B:  MOVWF  3B
050C:  CLRF   3C
050D:  BTFSS  3D.0
050E:  GOTO   527
050F:  MOVF   3A,W
0510:  ADDWF  7A,F
0511:  BTFSS  03.0
0512:  GOTO   519
0513:  INCF   79,F
0514:  BTFSS  03.2
0515:  GOTO   519
0516:  INCF   78,F
0517:  BTFSC  03.2
0518:  BSF    3C.7
0519:  MOVF   39,W
051A:  ADDWF  79,F
051B:  BTFSS  03.0
051C:  GOTO   520
051D:  INCF   78,F
051E:  BTFSC  03.2
051F:  BSF    3C.7
0520:  MOVF   38,W
0521:  MOVWF  35
0522:  BSF    35.7
0523:  MOVF   35,W
0524:  ADDWF  78,F
0525:  BTFSC  03.0
0526:  BSF    3C.7
0527:  RLF    3C,F
0528:  RRF    78,F
0529:  RRF    79,F
052A:  RRF    7A,F
052B:  RRF    3F,F
052C:  RRF    3E,F
052D:  RRF    3D,F
052E:  BCF    03.0
052F:  DECFSZ 3B,F
0530:  GOTO   50C
0531:  MOVLW  01
0532:  ADDWF  77,F
0533:  BTFSC  03.0
0534:  GOTO   559
0535:  BTFSC  78.7
0536:  GOTO   53E
0537:  RLF    3F,F
0538:  RLF    7A,F
0539:  RLF    79,F
053A:  RLF    78,F
053B:  DECF   77,F
053C:  BTFSC  03.2
053D:  GOTO   559
053E:  BTFSS  3F.7
053F:  GOTO   54F
0540:  INCF   7A,F
0541:  BTFSS  03.2
0542:  GOTO   54F
0543:  INCF   79,F
0544:  BTFSS  03.2
0545:  GOTO   54F
0546:  INCF   78,F
0547:  BTFSS  03.2
0548:  GOTO   54F
0549:  RRF    78,F
054A:  RRF    79,F
054B:  RRF    7A,F
054C:  INCF   77,F
054D:  BTFSC  03.2
054E:  GOTO   559
054F:  MOVF   34,W
0550:  MOVWF  3C
0551:  MOVF   38,W
0552:  XORWF  3C,F
0553:  BTFSS  3C.7
0554:  GOTO   557
0555:  BSF    78.7
0556:  GOTO   55D
0557:  BCF    78.7
0558:  GOTO   55D
0559:  CLRF   77
055A:  CLRF   78
055B:  CLRF   79
055C:  CLRF   7A
055D:  MOVF   7A,W
055E:  MOVWF  29
055F:  MOVF   79,W
0560:  MOVWF  28
0561:  MOVF   78,W
0562:  MOVWF  27
0563:  MOVF   77,W
0564:  MOVWF  26
0565:  DECFSZ 2D,F
0566:  GOTO   4DB
0567:  MOVF   29,W
0568:  MOVWF  36
0569:  MOVF   28,W
056A:  MOVWF  35
056B:  MOVF   27,W
056C:  MOVWF  34
056D:  MOVF   26,W
056E:  MOVWF  33
056F:  MOVF   33,W
0570:  SUBLW  B6
0571:  MOVWF  33
0572:  CLRF   7A
0573:  MOVF   34,W
0574:  MOVWF  37
0575:  BSF    34.7
0576:  BCF    03.0
0577:  RRF    34,F
0578:  RRF    35,F
0579:  RRF    36,F
057A:  RRF    7A,F
057B:  RRF    79,F
057C:  RRF    78,F
057D:  RRF    77,F
057E:  DECFSZ 33,F
057F:  GOTO   576
0580:  BTFSS  37.7
0581:  GOTO   58D
0582:  COMF   77,F
0583:  COMF   78,F
0584:  COMF   79,F
0585:  COMF   7A,F
0586:  INCF   77,F
0587:  BTFSC  03.2
0588:  INCF   78,F
0589:  BTFSC  03.2
058A:  INCF   79,F
058B:  BTFSC  03.2
058C:  INCF   7A,F
058D:  MOVF   7A,W
058E:  MOVWF  29
058F:  MOVF   79,W
0590:  MOVWF  28
0591:  MOVF   78,W
0592:  MOVWF  27
0593:  MOVF   77,W
0594:  MOVWF  26
0595:  BTFSS  29.7
0596:  GOTO   5A4
0597:  DECF   2B,F
0598:  BSF    2B.5
0599:  COMF   26,F
059A:  COMF   27,F
059B:  COMF   28,F
059C:  COMF   29,F
059D:  INCF   26,F
059E:  BTFSC  03.2
059F:  INCF   27,F
05A0:  BTFSC  03.2
05A1:  INCF   28,F
05A2:  BTFSC  03.2
05A3:  INCF   29,F
05A4:  MOVLW  3B
05A5:  MOVWF  32
05A6:  MOVLW  9A
05A7:  MOVWF  31
05A8:  MOVLW  CA
05A9:  MOVWF  30
05AA:  CLRF   2F
05AB:  MOVLW  0A
05AC:  MOVWF  2D
05AD:  MOVF   2A,W
05AE:  BTFSC  03.2
05AF:  INCF   2B,F
05B0:  BSF    03.1
05B1:  MOVLW  26
05B2:  MOVWF  04
05B3:  BCF    03.7
05B4:  MOVF   29,W
05B5:  MOVWF  36
05B6:  MOVF   28,W
05B7:  MOVWF  35
05B8:  MOVF   27,W
05B9:  MOVWF  34
05BA:  MOVF   26,W
05BB:  MOVWF  33
05BC:  MOVF   32,W
05BD:  MOVWF  3A
05BE:  MOVF   31,W
05BF:  MOVWF  39
05C0:  MOVF   30,W
05C1:  MOVWF  38
05C2:  MOVF   2F,W
05C3:  MOVWF  37
05C4:  CALL   486
05C5:  MOVF   78,W
05C6:  MOVF   77,F
05C7:  BTFSS  03.2
05C8:  GOTO   5DC
05C9:  INCF   2A,W
05CA:  SUBWF  2D,W
05CB:  BTFSC  03.2
05CC:  GOTO   5DC
05CD:  MOVF   2B,W
05CE:  BTFSC  03.2
05CF:  GOTO   5DE
05D0:  ANDLW  0F
05D1:  SUBWF  2D,W
05D2:  BTFSC  03.2
05D3:  GOTO   5D6
05D4:  BTFSC  03.0
05D5:  GOTO   60E
05D6:  BTFSC  2B.7
05D7:  GOTO   60E
05D8:  BTFSC  2B.6
05D9:  GOTO   5DE
05DA:  MOVLW  20
05DB:  GOTO   60A
05DC:  MOVLW  20
05DD:  ANDWF  2B,F
05DE:  BTFSS  2B.5
05DF:  GOTO   5EC
05E0:  BCF    2B.5
05E1:  MOVF   2A,W
05E2:  BTFSS  03.2
05E3:  DECF   2B,F
05E4:  MOVF   77,W
05E5:  MOVWF  2B
05E6:  MOVLW  2D
05E7:  MOVWF  33
05E8:  CALL   138
05E9:  MOVF   2B,W
05EA:  MOVWF  77
05EB:  CLRF   2B
05EC:  MOVF   2A,W
05ED:  SUBWF  2D,W
05EE:  BTFSS  03.2
05EF:  GOTO   5FA
05F0:  MOVF   77,W
05F1:  MOVWF  2B
05F2:  MOVLW  2E
05F3:  MOVWF  33
05F4:  CALL   138
05F5:  MOVF   2B,W
05F6:  MOVWF  77
05F7:  MOVLW  20
05F8:  ANDWF  2B,F
05F9:  MOVLW  00
05FA:  MOVLW  30
05FB:  BTFSS  2B.5
05FC:  GOTO   60A
05FD:  BCF    2B.5
05FE:  MOVF   2A,W
05FF:  BTFSS  03.2
0600:  DECF   2B,F
0601:  MOVF   77,W
0602:  MOVWF  2B
0603:  MOVLW  2D
0604:  MOVWF  33
0605:  CALL   138
0606:  MOVF   2B,W
0607:  MOVWF  77
0608:  CLRF   2B
0609:  MOVLW  30
060A:  ADDWF  77,F
060B:  MOVF   77,W
060C:  MOVWF  33
060D:  CALL   138
060E:  BCF    03.1
060F:  MOVF   32,W
0610:  MOVWF  36
0611:  MOVF   31,W
0612:  MOVWF  35
0613:  MOVF   30,W
0614:  MOVWF  34
0615:  MOVF   2F,W
0616:  MOVWF  33
0617:  CLRF   3A
0618:  CLRF   39
0619:  CLRF   38
061A:  MOVLW  0A
061B:  MOVWF  37
061C:  CALL   486
061D:  MOVF   7A,W
061E:  MOVWF  32
061F:  MOVF   79,W
0620:  MOVWF  31
0621:  MOVF   78,W
0622:  MOVWF  30
0623:  MOVF   77,W
0624:  MOVWF  2F
0625:  DECFSZ 2D,F
0626:  GOTO   5B0
0627:  BCF    0A.3
0628:  BCF    0A.4
0629:  GOTO   6D4 (RETURN)
062A:  MOVF   27,W
062B:  MOVWF  2E
062C:  MOVF   2B,W
062D:  XORWF  2E,F
062E:  BTFSS  2E.7
062F:  GOTO   635
0630:  BCF    03.2
0631:  BCF    03.0
0632:  BTFSC  27.7
0633:  BSF    03.0
0634:  GOTO   668
0635:  MOVF   27,W
0636:  MOVWF  2E
0637:  MOVF   2A,W
0638:  MOVWF  2F
0639:  MOVF   26,W
063A:  SUBWF  2F,F
063B:  BTFSC  03.2
063C:  GOTO   643
063D:  BTFSS  2E.7
063E:  GOTO   668
063F:  MOVF   03,W
0640:  XORLW  01
0641:  MOVWF  03
0642:  GOTO   668
0643:  MOVF   2B,W
0644:  MOVWF  2F
0645:  MOVF   27,W
0646:  SUBWF  2F,F
0647:  BTFSC  03.2
0648:  GOTO   64F
0649:  BTFSS  2E.7
064A:  GOTO   668
064B:  MOVF   03,W
064C:  XORLW  01
064D:  MOVWF  03
064E:  GOTO   668
064F:  MOVF   2C,W
0650:  MOVWF  2F
0651:  MOVF   28,W
0652:  SUBWF  2F,F
0653:  BTFSC  03.2
0654:  GOTO   65B
0655:  BTFSS  2E.7
0656:  GOTO   668
0657:  MOVF   03,W
0658:  XORLW  01
0659:  MOVWF  03
065A:  GOTO   668
065B:  MOVF   2D,W
065C:  MOVWF  2F
065D:  MOVF   29,W
065E:  SUBWF  2F,F
065F:  BTFSC  03.2
0660:  GOTO   667
0661:  BTFSS  2E.7
0662:  GOTO   668
0663:  MOVF   03,W
0664:  XORLW  01
0665:  MOVWF  03
0666:  GOTO   668
0667:  BCF    03.0
0668:  RETURN
....................  
.................... #list 
....................  
.................... #use DELAY(CLOCK=4M) 
*
0013:  MOVLW  34
0014:  MOVWF  04
0015:  BCF    03.7
0016:  MOVF   00,W
0017:  BTFSC  03.2
0018:  GOTO   027
0019:  MOVLW  01
001A:  MOVWF  78
001B:  CLRF   77
001C:  DECFSZ 77,F
001D:  GOTO   01C
001E:  DECFSZ 78,F
001F:  GOTO   01B
0020:  MOVLW  4A
0021:  MOVWF  77
0022:  DECFSZ 77,F
0023:  GOTO   022
0024:  GOTO   025
0025:  DECFSZ 00,F
0026:  GOTO   019
0027:  RETURN
.................... #fuses XT,NOPROTECT,NOWDT,NOBROWNOUT,NOPUT,NOLVP 
.................... #define TC_CLK     PIN_C3   
.................... #define TC_CS      PIN_C0 
.................... #define TC_DATA    PIN_C4 
.................... #define LCD_ENABLE_PIN  PIN_D0                                    //// 
.................... #define LCD_RS_PIN      PIN_D1                                    //// 
.................... #define LCD_RW_PIN      PIN_D2                                    //// 
.................... #define LCD_DATA4       PIN_D4                                    //// 
.................... #define LCD_DATA5       PIN_D5                                    //// 
.................... #define LCD_DATA6       PIN_D6                                    //// 
.................... #define LCD_DATA7       PIN_D7 
.................... #include <lcd.c> 
.................... /////////////////////////////////////////////////////////////////////////////// 
.................... ////                             LCD.C                                     //// 
.................... ////                 Driver for common LCD modules                         //// 
.................... ////                                                                       //// 
.................... ////  lcd_init()   Must be called before any other function.               //// 
.................... ////                                                                       //// 
.................... ////  lcd_putc(c)  Will display c on the next position of the LCD.         //// 
.................... ////                 \a  Set cursor position to upper left                 //// 
.................... ////                 \f  Clear display, set cursor to upper left           //// 
.................... ////                 \n  Go to start of second line                        //// 
.................... ////                 \b  Move back one position                            //// 
.................... ////              If LCD_EXTENDED_NEWLINE is defined, the \n character     //// 
.................... ////              will erase all remanining characters on the current      //// 
.................... ////              line, and move the cursor to the beginning of the next   //// 
.................... ////              line.                                                    //// 
.................... ////              If LCD_EXTENDED_NEWLINE is defined, the \r character     //// 
.................... ////              will move the cursor to the start of the current         //// 
.................... ////              line.                                                    //// 
.................... ////                                                                       //// 
.................... ////  lcd_gotoxy(x,y) Set write position on LCD (upper left is 1,1)        //// 
.................... ////                                                                       //// 
.................... ////  lcd_getc(x,y)   Returns character at position x,y on LCD             //// 
.................... ////                                                                       //// 
.................... ////  lcd_cursor_on(int1 on)   Turn the cursor on (on=TRUE) or off         //// 
.................... ////              (on=FALSE).                                              //// 
.................... ////                                                                       //// 
.................... ////  lcd_set_cgram_char(w, *p)   Write a custom character to the CGRAM.   //// 
.................... ////                                                                       //// 
.................... ////                                                                       //// 
.................... ////  CONFIGURATION                                                        //// 
.................... ////  The LCD can be configured in one of two ways: a.) port access or     //// 
.................... ////  b.) pin access.  Port access requires the entire 7 bit interface     //// 
.................... ////  connected to one GPIO port, and the data bits (D4:D7 of the LCD)     //// 
.................... ////  connected to sequential pins on the GPIO.  Pin access                //// 
.................... ////  has no requirements, all 7 bits of the control interface can         //// 
.................... ////  can be connected to any GPIO using several ports.                    //// 
.................... ////                                                                       //// 
.................... ////  To use port access, #define LCD_DATA_PORT to the SFR location of     //// 
.................... ////  of the GPIO port that holds the interface, -AND- edit LCD_PIN_MAP    //// 
.................... ////  of this file to configure the pin order.  If you are using a         //// 
.................... ////  baseline PIC (PCB), then LCD_OUTPUT_MAP and LCD_INPUT_MAP also must  //// 
.................... ////  be defined.                                                          //// 
.................... ////                                                                       //// 
.................... ////  Example of port access:                                              //// 
.................... ////     #define LCD_DATA_PORT getenv("SFR:PORTD")                         //// 
.................... ////                                                                       //// 
.................... ////  To use pin access, the following pins must be defined:               //// 
.................... ////     LCD_ENABLE_PIN                                                    //// 
.................... ////     LCD_RS_PIN                                                        //// 
.................... ////     LCD_RW_PIN                                                        //// 
.................... ////     LCD_DATA4                                                         //// 
.................... ////     LCD_DATA5                                                         //// 
.................... ////     LCD_DATA6                                                         //// 
.................... ////     LCD_DATA7                                                         //// 
.................... ////                                                                       //// 
.................... ////  Example of pin access:                                               //// 
.................... ////     #define LCD_ENABLE_PIN  PIN_E0                                    //// 
.................... ////     #define LCD_RS_PIN      PIN_E1                                    //// 
.................... ////     #define LCD_RW_PIN      PIN_E2                                    //// 
.................... ////     #define LCD_DATA4       PIN_D4                                    //// 
.................... ////     #define LCD_DATA5       PIN_D5                                    //// 
.................... ////     #define LCD_DATA6       PIN_D6                                    //// 
.................... ////     #define LCD_DATA7       PIN_D7                                    //// 
.................... ////                                                                       //// 
.................... /////////////////////////////////////////////////////////////////////////////// 
.................... ////        (C) Copyright 1996,2010 Custom Computer Services           //// 
.................... //// This source code may only be used by licensed users of the CCS C  //// 
.................... //// compiler.  This source code may only be distributed to other      //// 
.................... //// licensed users of the CCS C compiler.  No other use, reproduction //// 
.................... //// or distribution is permitted without written permission.          //// 
.................... //// Derivative programs created using this software in object code    //// 
.................... //// form are not restricted in any way.                               //// 
.................... /////////////////////////////////////////////////////////////////////////// 
....................  
.................... #ifndef __LCD_C__ 
.................... #define __LCD_C__ 
....................  
.................... // define the pinout. 
.................... // only required if port access is being used. 
.................... typedef struct   
.................... {                            // This structure is overlayed 
....................    int1 enable;           // on to an I/O port to gain 
....................    int1 rs;               // access to the LCD pins. 
....................    int1 rw;               // The bits are allocated from 
....................    int1 unused;           // low order up.  ENABLE will 
....................    unsigned int     data : 4;         // be LSB pin of that port. 
....................   #if defined(__PCD__)       // The port used will be LCD_DATA_PORT. 
....................    unsigned int    reserved: 8; 
....................   #endif 
.................... } LCD_PIN_MAP; 
....................  
.................... // this is to improve compatability with previous LCD drivers that accepted 
.................... // a define labeled 'use_portb_lcd' that configured the LCD onto port B. 
.................... #if ((defined(use_portb_lcd)) && (use_portb_lcd==TRUE)) 
....................  #define LCD_DATA_PORT getenv("SFR:PORTB") 
.................... #endif 
....................  
.................... #if defined(__PCB__) 
....................    // these definitions only need to be modified for baseline PICs. 
....................    // all other PICs use LCD_PIN_MAP or individual LCD_xxx pin definitions. 
.................... /*                                    EN, RS,   RW,   UNUSED,  DATA  */ 
....................  const LCD_PIN_MAP LCD_OUTPUT_MAP =  {0,  0,    0,    0,       0}; 
....................  const LCD_PIN_MAP LCD_INPUT_MAP =   {0,  0,    0,    0,       0xF}; 
.................... #endif 
....................  
.................... ////////////////////// END CONFIGURATION /////////////////////////////////// 
....................  
.................... #ifndef LCD_ENABLE_PIN 
....................    #define lcd_output_enable(x) lcdlat.enable=x 
....................    #define lcd_enable_tris()   lcdtris.enable=0 
.................... #else 
....................    #define lcd_output_enable(x) output_bit(LCD_ENABLE_PIN, x) 
....................    #define lcd_enable_tris()  output_drive(LCD_ENABLE_PIN) 
.................... #endif 
....................  
.................... #ifndef LCD_RS_PIN 
....................    #define lcd_output_rs(x) lcdlat.rs=x 
....................    #define lcd_rs_tris()   lcdtris.rs=0 
.................... #else 
....................    #define lcd_output_rs(x) output_bit(LCD_RS_PIN, x) 
....................    #define lcd_rs_tris()  output_drive(LCD_RS_PIN) 
.................... #endif 
....................  
.................... #ifndef LCD_RW_PIN 
....................    #define lcd_output_rw(x) lcdlat.rw=x 
....................    #define lcd_rw_tris()   lcdtris.rw=0 
.................... #else 
....................    #define lcd_output_rw(x) output_bit(LCD_RW_PIN, x) 
....................    #define lcd_rw_tris()  output_drive(LCD_RW_PIN) 
.................... #endif 
....................  
.................... // original version of this library incorrectly labeled LCD_DATA0 as LCD_DATA4, 
.................... // LCD_DATA1 as LCD_DATA5, and so on.  this block of code makes the driver 
.................... // compatible with any code written for the original library 
.................... #if (defined(LCD_DATA0) && defined(LCD_DATA1) && defined(LCD_DATA2) && defined(LCD_DATA3) && !defined(LCD_DATA4) && !defined(LCD_DATA5) && !defined(LCD_DATA6) && !defined(LCD_DATA7)) 
....................    #define  LCD_DATA4    LCD_DATA0 
....................    #define  LCD_DATA5    LCD_DATA1 
....................    #define  LCD_DATA6    LCD_DATA2 
....................    #define  LCD_DATA7    LCD_DATA3 
.................... #endif 
....................  
.................... #ifndef LCD_DATA4 
.................... #ifndef LCD_DATA_PORT 
....................    #if defined(__PCB__) 
....................       #define LCD_DATA_PORT      0x06     //portb 
....................       #define set_tris_lcd(x)   set_tris_b(x) 
....................    #else 
....................      #if defined(PIN_D0) 
....................       #define LCD_DATA_PORT      getenv("SFR:PORTD")     //portd 
....................      #else 
....................       #define LCD_DATA_PORT      getenv("SFR:PORTB")     //portb 
....................      #endif 
....................    #endif    
.................... #endif 
....................  
.................... #if defined(__PCB__) 
....................    LCD_PIN_MAP lcd, lcdlat; 
....................    #byte lcd = LCD_DATA_PORT 
....................    #byte lcdlat = LCD_DATA_PORT 
.................... #elif defined(__PCM__) 
....................    LCD_PIN_MAP lcd, lcdlat, lcdtris; 
....................    #byte lcd = LCD_DATA_PORT 
....................    #byte lcdlat = LCD_DATA_PORT 
....................    #byte lcdtris = LCD_DATA_PORT+0x80 
.................... #elif defined(__PCH__) 
....................    LCD_PIN_MAP lcd, lcdlat, lcdtris; 
....................    #byte lcd = LCD_DATA_PORT 
....................    #byte lcdlat = LCD_DATA_PORT+9 
....................    #byte lcdtris = LCD_DATA_PORT+0x12 
.................... #elif defined(__PCD__) 
....................    LCD_PIN_MAP lcd, lcdlat, lcdtris; 
....................    #word lcd = LCD_DATA_PORT 
....................    #word lcdlat = LCD_DATA_PORT+2 
....................    #word lcdtris = LCD_DATA_PORT-0x02 
.................... #endif 
.................... #endif   //LCD_DATA4 not defined 
....................  
.................... #ifndef LCD_TYPE 
....................    #define LCD_TYPE 2           // 0=5x7, 1=5x10, 2=2 lines 
.................... #endif 
....................  
.................... #ifndef LCD_LINE_TWO 
....................    #define LCD_LINE_TWO 0x40    // LCD RAM address for the second line 
.................... #endif 
....................  
.................... #ifndef LCD_LINE_LENGTH 
....................    #define LCD_LINE_LENGTH 20 
.................... #endif 
....................  
.................... unsigned int8 lcd_read_nibble(void); 
....................  
.................... unsigned int8 lcd_read_byte(void) 
.................... { 
....................    unsigned int8 low,high; 
....................  
....................  #if defined(__PCB__) 
....................    set_tris_lcd(LCD_INPUT_MAP); 
....................  #else 
....................   #if (defined(LCD_DATA4) && defined(LCD_DATA5) && defined(LCD_DATA6) && defined(LCD_DATA7)) 
....................    output_float(LCD_DATA4); 
*
008C:  BSF    08.4
....................    output_float(LCD_DATA5); 
008D:  BSF    08.5
....................    output_float(LCD_DATA6); 
008E:  BSF    08.6
....................    output_float(LCD_DATA7); 
008F:  BSF    08.7
....................   #else 
....................    lcdtris.data = 0xF; 
....................   #endif 
....................  #endif 
....................          
....................    lcd_output_rw(1); 
0090:  BCF    03.5
0091:  BSF    08.2
0092:  BSF    03.5
0093:  BCF    08.2
....................    delay_cycles(1); 
0094:  NOP
....................    lcd_output_enable(1); 
0095:  BCF    03.5
0096:  BSF    08.0
0097:  BSF    03.5
0098:  BCF    08.0
....................    delay_cycles(1); 
0099:  NOP
....................    high = lcd_read_nibble(); 
009A:  BCF    03.5
009B:  CALL   053
009C:  MOVF   78,W
009D:  MOVWF  3B
....................        
....................    lcd_output_enable(0); 
009E:  BCF    08.0
009F:  BSF    03.5
00A0:  BCF    08.0
....................    delay_cycles(1); 
00A1:  NOP
....................    lcd_output_enable(1); 
00A2:  BCF    03.5
00A3:  BSF    08.0
00A4:  BSF    03.5
00A5:  BCF    08.0
....................    delay_us(1); 
00A6:  NOP
....................    low = lcd_read_nibble(); 
00A7:  BCF    03.5
00A8:  CALL   053
00A9:  MOVF   78,W
00AA:  MOVWF  3A
....................        
....................    lcd_output_enable(0); 
00AB:  BCF    08.0
00AC:  BSF    03.5
00AD:  BCF    08.0
....................  
....................  #if defined(__PCB__) 
....................    set_tris_lcd(LCD_OUTPUT_MAP); 
....................  #else 
....................   #if (defined(LCD_DATA4) && defined(LCD_DATA5) && defined(LCD_DATA6) && defined(LCD_DATA7)) 
....................    output_drive(LCD_DATA4); 
00AE:  BCF    08.4
....................    output_drive(LCD_DATA5); 
00AF:  BCF    08.5
....................    output_drive(LCD_DATA6); 
00B0:  BCF    08.6
....................    output_drive(LCD_DATA7); 
00B1:  BCF    08.7
....................   #else 
....................    lcdtris.data = 0x0; 
....................   #endif 
....................  #endif 
....................  
....................    return( (high<<4) | low); 
00B2:  BCF    03.5
00B3:  SWAPF  3B,W
00B4:  MOVWF  77
00B5:  MOVLW  F0
00B6:  ANDWF  77,F
00B7:  MOVF   77,W
00B8:  IORWF  3A,W
00B9:  MOVWF  78
.................... } 
....................  
.................... unsigned int8 lcd_read_nibble(void) 
.................... { 
....................   #if (defined(LCD_DATA4) && defined(LCD_DATA5) && defined(LCD_DATA6) && defined(LCD_DATA7)) 
*
0053:  CLRF   3C
....................    unsigned int8 n = 0x00; 
....................  
....................    /* Read the data port */ 
....................    n |= input(LCD_DATA4); 
0054:  BSF    03.5
0055:  BSF    08.4
0056:  MOVLW  00
0057:  BCF    03.5
0058:  BTFSC  08.4
0059:  MOVLW  01
005A:  IORWF  3C,F
....................    n |= input(LCD_DATA5) << 1; 
005B:  BSF    03.5
005C:  BSF    08.5
005D:  MOVLW  00
005E:  BCF    03.5
005F:  BTFSC  08.5
0060:  MOVLW  01
0061:  MOVWF  77
0062:  BCF    03.0
0063:  RLF    77,F
0064:  MOVF   77,W
0065:  IORWF  3C,F
....................    n |= input(LCD_DATA6) << 2; 
0066:  BSF    03.5
0067:  BSF    08.6
0068:  MOVLW  00
0069:  BCF    03.5
006A:  BTFSC  08.6
006B:  MOVLW  01
006C:  MOVWF  77
006D:  RLF    77,F
006E:  RLF    77,F
006F:  MOVLW  FC
0070:  ANDWF  77,F
0071:  MOVF   77,W
0072:  IORWF  3C,F
....................    n |= input(LCD_DATA7) << 3; 
0073:  BSF    03.5
0074:  BSF    08.7
0075:  MOVLW  00
0076:  BCF    03.5
0077:  BTFSC  08.7
0078:  MOVLW  01
0079:  MOVWF  77
007A:  RLF    77,F
007B:  RLF    77,F
007C:  RLF    77,F
007D:  MOVLW  F8
007E:  ANDWF  77,F
007F:  MOVF   77,W
0080:  IORWF  3C,F
....................     
....................    return(n); 
0081:  MOVF   3C,W
0082:  MOVWF  78
....................   #else 
0083:  RETURN
....................    return(lcd.data); 
....................   #endif 
.................... } 
....................  
.................... void lcd_send_nibble(unsigned int8 n) 
.................... { 
....................   #if (defined(LCD_DATA4) && defined(LCD_DATA5) && defined(LCD_DATA6) && defined(LCD_DATA7)) 
....................    /* Write to the data port */ 
....................    output_bit(LCD_DATA4, bit_test(n, 0)); 
*
0028:  BTFSC  3B.0
0029:  GOTO   02C
002A:  BCF    08.4
002B:  GOTO   02D
002C:  BSF    08.4
002D:  BSF    03.5
002E:  BCF    08.4
....................    output_bit(LCD_DATA5, bit_test(n, 1)); 
002F:  BCF    03.5
0030:  BTFSC  3B.1
0031:  GOTO   034
0032:  BCF    08.5
0033:  GOTO   035
0034:  BSF    08.5
0035:  BSF    03.5
0036:  BCF    08.5
....................    output_bit(LCD_DATA6, bit_test(n, 2)); 
0037:  BCF    03.5
0038:  BTFSC  3B.2
0039:  GOTO   03C
003A:  BCF    08.6
003B:  GOTO   03D
003C:  BSF    08.6
003D:  BSF    03.5
003E:  BCF    08.6
....................    output_bit(LCD_DATA7, bit_test(n, 3)); 
003F:  BCF    03.5
0040:  BTFSC  3B.3
0041:  GOTO   044
0042:  BCF    08.7
0043:  GOTO   045
0044:  BSF    08.7
0045:  BSF    03.5
0046:  BCF    08.7
....................   #else       
....................    lcdlat.data = n; 
....................   #endif 
....................        
....................    delay_cycles(1); 
0047:  NOP
....................    lcd_output_enable(1); 
0048:  BCF    03.5
0049:  BSF    08.0
004A:  BSF    03.5
004B:  BCF    08.0
....................    delay_us(2); 
004C:  GOTO   04D
....................    lcd_output_enable(0); 
004D:  BCF    03.5
004E:  BCF    08.0
004F:  BSF    03.5
0050:  BCF    08.0
0051:  BCF    03.5
0052:  RETURN
.................... } 
....................  
.................... void lcd_send_byte(unsigned int8 address, unsigned int8 n) 
.................... { 
....................   #if defined(__PCB__) 
....................    set_tris_lcd(LCD_OUTPUT_MAP); 
....................   #else 
....................    lcd_enable_tris(); 
*
0084:  BSF    03.5
0085:  BCF    08.0
....................    lcd_rs_tris(); 
0086:  BCF    08.1
....................    lcd_rw_tris(); 
0087:  BCF    08.2
....................   #endif 
....................  
....................    lcd_output_rs(0); 
0088:  BCF    03.5
0089:  BCF    08.1
008A:  BSF    03.5
008B:  BCF    08.1
....................    while ( bit_test(lcd_read_byte(),7) ) ; 
*
00BA:  MOVF   78,W
00BB:  MOVWF  3A
00BC:  BTFSS  3A.7
00BD:  GOTO   0C0
00BE:  BSF    03.5
00BF:  GOTO   08C
....................    lcd_output_rs(address); 
00C0:  MOVF   38,F
00C1:  BTFSS  03.2
00C2:  GOTO   0C5
00C3:  BCF    08.1
00C4:  GOTO   0C6
00C5:  BSF    08.1
00C6:  BSF    03.5
00C7:  BCF    08.1
....................    delay_cycles(1); 
00C8:  NOP
....................    lcd_output_rw(0); 
00C9:  BCF    03.5
00CA:  BCF    08.2
00CB:  BSF    03.5
00CC:  BCF    08.2
....................    delay_cycles(1); 
00CD:  NOP
....................    lcd_output_enable(0); 
00CE:  BCF    03.5
00CF:  BCF    08.0
00D0:  BSF    03.5
00D1:  BCF    08.0
....................    lcd_send_nibble(n >> 4); 
00D2:  BCF    03.5
00D3:  SWAPF  39,W
00D4:  MOVWF  3A
00D5:  MOVLW  0F
00D6:  ANDWF  3A,F
00D7:  MOVF   3A,W
00D8:  MOVWF  3B
00D9:  CALL   028
....................    lcd_send_nibble(n & 0xf); 
00DA:  MOVF   39,W
00DB:  ANDLW  0F
00DC:  MOVWF  3A
00DD:  MOVWF  3B
00DE:  CALL   028
00DF:  RETURN
.................... } 
....................  
.................... #if defined(LCD_EXTENDED_NEWLINE) 
.................... unsigned int8 g_LcdX, g_LcdY; 
.................... #endif 
....................  
.................... void lcd_init(void)  
.................... { 
....................    unsigned int8 i; 
....................    unsigned int8 LCD_INIT_STRING[4] = {0x20 | (LCD_TYPE << 2), 0xc, 1, 6}; 
00E0:  MOVLW  28
00E1:  MOVWF  27
00E2:  MOVLW  0C
00E3:  MOVWF  28
00E4:  MOVLW  01
00E5:  MOVWF  29
00E6:  MOVLW  06
00E7:  MOVWF  2A
....................                              // These bytes need to be sent to the LCD 
....................                              // to start it up. 
....................     
....................  
....................    lcd_output_enable(0); 
00E8:  BCF    08.0
00E9:  BSF    03.5
00EA:  BCF    08.0
....................    lcd_output_rs(0); 
00EB:  BCF    03.5
00EC:  BCF    08.1
00ED:  BSF    03.5
00EE:  BCF    08.1
....................    lcd_output_rw(0); 
00EF:  BCF    03.5
00F0:  BCF    08.2
00F1:  BSF    03.5
00F2:  BCF    08.2
....................  
....................  #if defined(__PCB__) 
....................    set_tris_lcd(LCD_OUTPUT_MAP); 
....................  #else 
....................   #if (defined(LCD_DATA4) && defined(LCD_DATA5) && defined(LCD_DATA6) && defined(LCD_DATA7)) 
....................    output_drive(LCD_DATA4); 
00F3:  BCF    08.4
....................    output_drive(LCD_DATA5); 
00F4:  BCF    08.5
....................    output_drive(LCD_DATA6); 
00F5:  BCF    08.6
....................    output_drive(LCD_DATA7); 
00F6:  BCF    08.7
....................   #else 
....................    lcdtris.data = 0x0; 
....................   #endif 
....................    lcd_enable_tris(); 
00F7:  BCF    08.0
....................    lcd_rs_tris(); 
00F8:  BCF    08.1
....................    lcd_rw_tris(); 
00F9:  BCF    08.2
....................  #endif 
....................      
....................    delay_ms(15); 
00FA:  MOVLW  0F
00FB:  BCF    03.5
00FC:  MOVWF  34
00FD:  CALL   013
....................    for(i=1;i<=3;++i) 
00FE:  MOVLW  01
00FF:  MOVWF  26
0100:  MOVF   26,W
0101:  SUBLW  03
0102:  BTFSS  03.0
0103:  GOTO   10C
....................    { 
....................        lcd_send_nibble(3); 
0104:  MOVLW  03
0105:  MOVWF  3B
0106:  CALL   028
....................        delay_ms(5); 
0107:  MOVLW  05
0108:  MOVWF  34
0109:  CALL   013
010A:  INCF   26,F
010B:  GOTO   100
....................    } 
....................     
....................    lcd_send_nibble(2); 
010C:  MOVLW  02
010D:  MOVWF  3B
010E:  CALL   028
....................    delay_ms(5); 
010F:  MOVLW  05
0110:  MOVWF  34
0111:  CALL   013
....................    for(i=0;i<=3;++i) 
0112:  CLRF   26
0113:  MOVF   26,W
0114:  SUBLW  03
0115:  BTFSS  03.0
0116:  GOTO   123
....................       lcd_send_byte(0,LCD_INIT_STRING[i]); 
0117:  MOVLW  27
0118:  ADDWF  26,W
0119:  MOVWF  04
011A:  BCF    03.7
011B:  MOVF   00,W
011C:  MOVWF  2B
011D:  CLRF   38
011E:  MOVF   2B,W
011F:  MOVWF  39
0120:  CALL   084
....................  
....................   #if defined(LCD_EXTENDED_NEWLINE) 
0121:  INCF   26,F
0122:  GOTO   113
0123:  BCF    0A.3
0124:  BCF    0A.4
0125:  GOTO   6A1 (RETURN)
....................    g_LcdX = 0; 
....................    g_LcdY = 0; 
....................   #endif 
.................... } 
....................  
.................... void lcd_gotoxy(unsigned int8 x, unsigned int8 y) 
.................... { 
....................    unsigned int8 address; 
....................     
....................    if(y!=1) 
0126:  DECFSZ 35,W
0127:  GOTO   129
0128:  GOTO   12C
....................       address=LCD_LINE_TWO; 
0129:  MOVLW  40
012A:  MOVWF  36
012B:  GOTO   12D
....................    else 
....................       address=0; 
012C:  CLRF   36
....................       
....................    address+=x-1; 
012D:  MOVLW  01
012E:  SUBWF  34,W
012F:  ADDWF  36,F
....................    lcd_send_byte(0,0x80|address); 
0130:  MOVF   36,W
0131:  IORLW  80
0132:  MOVWF  37
0133:  CLRF   38
0134:  MOVF   37,W
0135:  MOVWF  39
0136:  CALL   084
....................  
....................   #if defined(LCD_EXTENDED_NEWLINE) 
0137:  RETURN
....................    g_LcdX = x - 1; 
....................    g_LcdY = y - 1; 
....................   #endif 
.................... } 
....................  
.................... void lcd_putc(char c) 
.................... { 
....................    switch (c) 
0138:  MOVF   33,W
0139:  XORLW  07
013A:  BTFSC  03.2
013B:  GOTO   146
013C:  XORLW  0B
013D:  BTFSC  03.2
013E:  GOTO   14B
013F:  XORLW  06
0140:  BTFSC  03.2
0141:  GOTO   153
0142:  XORLW  02
0143:  BTFSC  03.2
0144:  GOTO   159
0145:  GOTO   15E
....................    { 
....................       case '\a'   :  lcd_gotoxy(1,1);     break; 
0146:  MOVLW  01
0147:  MOVWF  34
0148:  MOVWF  35
0149:  CALL   126
014A:  GOTO   163
....................  
....................       case '\f'   :  lcd_send_byte(0,1); 
014B:  CLRF   38
014C:  MOVLW  01
014D:  MOVWF  39
014E:  CALL   084
....................                      delay_ms(2); 
014F:  MOVLW  02
0150:  MOVWF  34
0151:  CALL   013
....................                     #if defined(LCD_EXTENDED_NEWLINE) 
....................                      g_LcdX = 0; 
....................                      g_LcdY = 0; 
....................                     #endif 
....................                      break; 
0152:  GOTO   163
....................  
....................      #if defined(LCD_EXTENDED_NEWLINE) 
....................       case '\r'   :  lcd_gotoxy(1, g_LcdY+1);   break; 
....................       case '\n'   : 
....................          while (g_LcdX++ < LCD_LINE_LENGTH) 
....................          { 
....................             lcd_send_byte(1, ' '); 
....................          } 
....................          lcd_gotoxy(1, g_LcdY+2); 
....................          break; 
....................      #else 
....................       case '\n'   : lcd_gotoxy(1,2);        break; 
0153:  MOVLW  01
0154:  MOVWF  34
0155:  MOVLW  02
0156:  MOVWF  35
0157:  CALL   126
0158:  GOTO   163
....................      #endif 
....................       
....................       case '\b'   : lcd_send_byte(0,0x10);  break; 
0159:  CLRF   38
015A:  MOVLW  10
015B:  MOVWF  39
015C:  CALL   084
015D:  GOTO   163
....................       
....................      #if defined(LCD_EXTENDED_NEWLINE) 
....................       default     :  
....................          if (g_LcdX < LCD_LINE_LENGTH) 
....................          { 
....................             lcd_send_byte(1, c); 
....................             g_LcdX++; 
....................          } 
....................          break; 
....................      #else 
....................       default     : lcd_send_byte(1,c);     break; 
015E:  MOVLW  01
015F:  MOVWF  38
0160:  MOVF   33,W
0161:  MOVWF  39
0162:  CALL   084
....................      #endif 
....................    } 
0163:  RETURN
.................... } 
....................   
.................... char lcd_getc(unsigned int8 x, unsigned int8 y) 
.................... { 
....................    char value; 
....................  
....................    lcd_gotoxy(x,y); 
....................    while ( bit_test(lcd_read_byte(),7) ); // wait until busy flag is low 
....................    lcd_output_rs(1); 
....................    value = lcd_read_byte(); 
....................    lcd_output_rs(0); 
....................     
....................    return(value); 
.................... } 
....................  
.................... // write a custom character to the ram 
.................... // which is 0-7 and specifies which character array we are modifying. 
.................... // ptr points to an array of 8 bytes, where each byte is the next row of 
.................... //    pixels.  only bits 0-4 are used.  the last row is the cursor row, and 
.................... //    usually you will want to leave this byte 0x00. 
.................... void lcd_set_cgram_char(unsigned int8 which, unsigned int8 *ptr) 
.................... { 
....................    unsigned int i; 
....................  
....................    which <<= 3; 
....................    which &= 0x38; 
....................  
....................    lcd_send_byte(0, 0x40 | which);  //set cgram address 
....................  
....................    for(i=0; i<8; i++) 
....................    { 
....................       lcd_send_byte(1, *ptr++); 
....................    } 
....................    
....................    #if defined(LCD_EXTENDED_NEWLINE) 
....................     lcd_gotoxy(g_LcdX+1, g_LcdY+1);  //set ddram address 
....................    #endif 
.................... } 
....................  
.................... void lcd_cursor_on(int1 on) 
.................... { 
....................    if (on) 
....................    { 
....................       lcd_send_byte(0,0x0F);           //turn LCD cursor ON 
....................    } 
....................    else 
....................    { 
....................       lcd_send_byte(0,0x0C);           //turn LCD cursor OFF 
....................    } 
.................... } 
....................  
.................... #endif 
....................  
.................... #include "max6675.c"    //Libreria para el uso del modulo  
.................... /**************************************************************************************  
.................... *   max6675.c - communicates with a MAX6675 thermcouple interface chip                *  
.................... *   Copyright Jimbob's Ma 2006                                                        *  
.................... *                                                                                     *  
.................... *   This program is free software; you can redistribute it and/or                     *  
.................... *   modify it under the terms of the GNU General Public License                       *  
.................... *   as published by the Free Software Foundation version 2                            *  
.................... *   of the License.                                                                   *  
.................... *                                                                                     *  
.................... *   This program is distributed in the hope that it will be useful,                   *  
.................... *   but WITHOUT ANY WARRANTY; without even the implied warranty of                    *  
.................... *   MERCHANTABILITY or FITNESS FOR A PARTICULAR PURPOSE.  See the                     *  
.................... *   GNU General Public License for more details.                                      *  
.................... *                                                                                     *  
.................... *   You should have received a copy of the GNU General Public License                 *  
.................... *   along with this program; if not, write to the Free Software                       *  
.................... *   Foundation, Inc., 51 Franklin Street, Fifth Floor, Boston, MA  02110-1301, USA.   *  
.................... **************************************************************************************/  
....................  
.................... /*  
.................... This is a diver for the MAX6675 K-type thermocouple interface chip. It implements an SPI  
.................... bus without the need for dedicated hardware (aka a bit-banged interface). The result from  
.................... toFloat_TC() is the temperature in degrees celcius of the thermocouple tip. The rest should  
.................... be self-evident. Have a look at the end of the file for example usage.  
.................... */  
....................  
.................... #ifndef TC_CLK  
....................    #define TC_CLK     PIN_C3            //edit these pins as necessary  
.................... #endif  
....................  
.................... #ifndef TC_CS  
....................    #define TC_CS      PIN_C0  
.................... #endif  
....................  
.................... #ifndef TC_DATA  
....................    #define TC_DATA    PIN_C4  
.................... #endif  
....................  
....................  
.................... int1 thermocouple_error;         //a handy dandy global error flag to tell you if a thermocouple is connected or not  
....................  
.................... void init_TC(void)  
.................... {  
....................    output_low(TC_CLK);  
*
01BA:  BCF    21.3
01BB:  MOVF   21,W
01BC:  BSF    03.5
01BD:  MOVWF  07
01BE:  BCF    03.5
01BF:  BCF    07.3
....................    output_low(TC_DATA);  
01C0:  BCF    21.4
01C1:  MOVF   21,W
01C2:  BSF    03.5
01C3:  MOVWF  07
01C4:  BCF    03.5
01C5:  BCF    07.4
....................    output_high(TC_CS);            //if we idle high, the chip keeps doing conversions. Change this if you like  
01C6:  BCF    21.0
01C7:  MOVF   21,W
01C8:  BSF    03.5
01C9:  MOVWF  07
01CA:  BCF    03.5
01CB:  BSF    07.0
.................... }  
....................  
.................... int16 read_TC(void)               //It takes 200ms (ish) for the MAX6675 to perform a conversion  
.................... {  
....................    int8 i;  
....................    int16 data;  
....................  
....................    output_low(TC_CS);            //stop any conversion processes  
*
01CF:  BCF    21.0
01D0:  MOVF   21,W
01D1:  BSF    03.5
01D2:  MOVWF  07
01D3:  BCF    03.5
01D4:  BCF    07.0
....................    delay_ms(1);               //and give it some time to power up (not very much, admittedly)  
01D5:  MOVLW  01
01D6:  MOVWF  34
01D7:  CALL   013
....................  
....................    for (i=0;i<16;i++){  
01D8:  CLRF   26
01D9:  MOVF   26,W
01DA:  SUBLW  0F
01DB:  BTFSS  03.0
01DC:  GOTO   1F9
....................       shift_left(&data,2,input(TC_DATA));      //reads in 2 bytes to data from the pin TC_DATA  
01DD:  BSF    21.4
01DE:  MOVF   21,W
01DF:  BSF    03.5
01E0:  MOVWF  07
01E1:  BCF    03.5
01E2:  BTFSC  07.4
01E3:  GOTO   1E6
01E4:  BCF    03.0
01E5:  GOTO   1E7
01E6:  BSF    03.0
01E7:  RLF    27,F
01E8:  RLF    28,F
....................       output_high(TC_CLK);  
01E9:  BCF    21.3
01EA:  MOVF   21,W
01EB:  BSF    03.5
01EC:  MOVWF  07
01ED:  BCF    03.5
01EE:  BSF    07.3
....................       delay_us(1); //Descomentar si usa crystal mayor a 10MHz 
01EF:  NOP
....................       output_low(TC_CLK);  
01F0:  BCF    21.3
01F1:  MOVF   21,W
01F2:  BSF    03.5
01F3:  MOVWF  07
01F4:  BCF    03.5
01F5:  BCF    07.3
....................       delay_us(1); 
01F6:  NOP
01F7:  INCF   26,F
01F8:  GOTO   1D9
....................    }  
....................  
....................    thermocouple_error=bit_test(data,2);      //this is the thermocouple status bit  
01F9:  BCF    20.0
01FA:  BTFSC  27.2
01FB:  BSF    20.0
....................    delay_ms(1);      
01FC:  MOVLW  01
01FD:  MOVWF  34
01FE:  CALL   013
....................    output_high(TC_CS);  
01FF:  BCF    21.0
0200:  MOVF   21,W
0201:  BSF    03.5
0202:  MOVWF  07
0203:  BCF    03.5
0204:  BSF    07.0
....................    return(data);  
0205:  MOVF   27,W
0206:  MOVWF  78
0207:  MOVF   28,W
0208:  MOVWF  79
.................... }  
....................  
.................... int16 sortout(int16 raw)  
.................... {  
....................     return(0x0FFF & (raw>>3));      //returns only the bits converning temperature  
*
0211:  RRF    29,W
0212:  MOVWF  7A
0213:  RRF    28,W
0214:  MOVWF  79
0215:  RRF    7A,F
0216:  RRF    79,F
0217:  RRF    7A,F
0218:  RRF    79,F
0219:  MOVLW  1F
021A:  ANDWF  7A,F
021B:  MOVF   79,W
021C:  MOVWF  77
021D:  MOVLW  0F
021E:  ANDWF  7A,F
021F:  MOVF   79,W
0220:  MOVWF  78
0221:  MOVF   7A,W
0222:  MOVWF  79
.................... }  
....................  
.................... float toFloat_TC(int16 tmp)  
.................... {  
....................    return(((float)tmp-44)/2.021142857);  
*
022B:  MOVF   29,W
022C:  MOVWF  2B
022D:  MOVF   28,W
022E:  MOVWF  2A
*
024B:  MOVF   7A,W
024C:  MOVWF  2D
024D:  MOVF   79,W
024E:  MOVWF  2C
024F:  MOVF   78,W
0250:  MOVWF  2B
0251:  MOVF   77,W
0252:  MOVWF  2A
0253:  BSF    03.1
0254:  MOVF   2D,W
0255:  MOVWF  31
0256:  MOVF   2C,W
0257:  MOVWF  30
0258:  MOVF   2B,W
0259:  MOVWF  2F
025A:  MOVF   2A,W
025B:  MOVWF  2E
025C:  CLRF   35
025D:  CLRF   34
025E:  MOVLW  30
025F:  MOVWF  33
0260:  MOVLW  84
0261:  MOVWF  32
*
03A2:  MOVF   7A,W
03A3:  MOVWF  2D
03A4:  MOVF   79,W
03A5:  MOVWF  2C
03A6:  MOVF   78,W
03A7:  MOVWF  2B
03A8:  MOVF   77,W
03A9:  MOVWF  2A
03AA:  MOVF   2D,W
03AB:  MOVWF  31
03AC:  MOVF   2C,W
03AD:  MOVWF  30
03AE:  MOVF   2B,W
03AF:  MOVWF  2F
03B0:  MOVF   2A,W
03B1:  MOVWF  2E
03B2:  MOVLW  68
03B3:  MOVWF  35
03B4:  MOVLW  5A
03B5:  MOVWF  34
03B6:  MOVLW  01
03B7:  MOVWF  33
03B8:  MOVLW  80
03B9:  MOVWF  32
....................    //return((float)tmp); 
.................... }  
....................  
.................... float do_everything(void)  
.................... {  
....................    init_TC();  
....................    delay_ms(200);               //200ms is a long time to be doing nothing. use a timer interrupt to avoid wasting time here  
*
01CC:  MOVLW  C8
01CD:  MOVWF  34
01CE:  CALL   013
....................    return(toFloat_TC(sortout(read_TC())));  
*
0209:  MOVF   79,W
020A:  MOVWF  27
020B:  MOVF   78,W
020C:  MOVWF  26
020D:  MOVF   27,W
020E:  MOVWF  29
020F:  MOVF   26,W
0210:  MOVWF  28
*
0223:  MOVF   79,W
0224:  MOVWF  27
0225:  MOVF   78,W
0226:  MOVWF  26
0227:  MOVF   27,W
0228:  MOVWF  29
0229:  MOVF   26,W
022A:  MOVWF  28
*
0483:  BCF    0A.3
0484:  BCF    0A.4
0485:  GOTO   6B4 (RETURN)
.................... } 
....................  
.................... #include <stdint.h>     //Libreria para hacer uso de los tipos de datos uint8_t, uint16_t, etc. 
.................... /////////////////////////////////////////////////////////////////////////// 
.................... ////                                                                   //// 
.................... ////                           stdint.h                                //// 
.................... ////                                                                   //// 
.................... //// Standard integer definitions.                                     //// 
.................... ////                                                                   //// 
.................... /////////////////////////////////////////////////////////////////////////// 
.................... ////        (C) Copyright 1996,2008 Custom Computer Services           //// 
.................... //// This source code may only be used by licensed users of the CCS C  //// 
.................... //// compiler.  This source code may only be distributed to other      //// 
.................... //// licensed users of the CCS C compiler.  No other use, reproduction //// 
.................... //// or distribution is permitted without written permission.          //// 
.................... //// Derivative programs created using this software in object code    //// 
.................... //// form are not restricted in any way.                               //// 
.................... /////////////////////////////////////////////////////////////////////////// 
....................  
.................... #ifndef _STDINT 
....................  
.................... #define _STDINT 
....................  
.................... //////////// exact width 
....................  
.................... typedef signed int8 int8_t; 
.................... typedef unsigned int8 uint8_t; 
.................... typedef signed int16 int16_t; 
.................... typedef unsigned int16 uint16_t; 
.................... typedef signed int32 int32_t; 
.................... typedef unsigned int32 uint32_t; 
....................  
.................... #if defined(__PCD__) 
.................... //typedef signed int24 int24_t; 
.................... //typedef unsigned int24 uint24_t; 
.................... typedef signed int64 int64_t; 
.................... typedef unsigned int64 uint64_t; 
.................... #endif 
....................  
.................... #define INT8_MAX  (128) 
.................... #define INT8_MIN  (-127) 
.................... #define UINT8_MAX (255) 
....................  
.................... #define INT16_MAX  (32767) 
.................... #define INT16_MIN  (-32768) 
.................... #define UINT16_MAX (65535) 
....................  
.................... #define INT32_MAX  (2147483647) 
.................... #define INT32_MIN  (-2147483648) 
.................... #define UINT32_MAX (4294967295) 
....................  
.................... #if defined(__PCD__) 
.................... //#define INT24_MAX  (8388607) 
.................... //#define INT24_MIN  (-8388608) 
.................... //#define UINT24_MAX (16777215) 
....................  
.................... #define INT64_MAX  (9223372036854775807) 
.................... #define INT64_MIN  (-9223372036854775808) 
.................... #define UINT64_MAX (18446744073709551615) 
.................... #endif 
....................  
.................... ///////// minimum width 
....................  
.................... typedef signed int8 int_least8_t; 
.................... typedef unsigned int8 uint_least8_t; 
.................... typedef signed int16 int_least16_t; 
.................... typedef unsigned int16 uint_least16_t; 
.................... typedef signed int32 int_least32_t; 
.................... typedef unsigned int32 uint_least32_t; 
....................  
.................... #if defined(__PCD__) 
.................... //typedef signed int24 int_least24_t; 
.................... //typedef unsigned int24 uint_least24_t; 
.................... typedef signed int64 int_least64_t; 
.................... typedef unsigned int64 uint_least64_t; 
.................... #endif 
....................  
.................... #define INT_LEAST8_MAX  (128) 
.................... #define INT_LEAST8_MIN  (-127) 
.................... #define UINT_LEAST8_MAX (255) 
....................  
.................... #define INT_LEAST16_MAX  (32767) 
.................... #define INT_LEAST16_MIN  (-32768) 
.................... #define UINT_LEAST16_MAX (65535) 
....................  
.................... #define INT_LEAST32_MAX  (2147483647) 
.................... #define INT_LEAST32_MIN  (-2147483648) 
.................... #define UINT_LEAST32_MAX (4294967295) 
....................  
.................... #if defined(__PCD__) 
.................... //#define INT_LEAST24_MAX  (8388607) 
.................... //#define INT_LEAST24_MIN  (-8388608) 
.................... //#define UINT_LEAST24_MAX (16777215) 
....................  
.................... #define INT_LEAST64_MAX  (9223372036854775807) 
.................... #define INT_LEAST64_MIN  (-9223372036854775808) 
.................... #define UINT_LEAST64_MAX (18446744073709551615) 
.................... #endif 
....................  
.................... ///////// fastest width 
....................  
.................... #if defined(__PCD__) 
.................... typedef signed int16 int_fast8_t; 
.................... typedef unsigned int16 uint_fast8_t; 
.................... #define INT_FAST8_MAX  (32767) 
.................... #define INT_FAST8_MIN  (-32768) 
.................... #define UINT_FAST8_MAX (65535) 
.................... typedef signed int16 int_fast16_t; 
.................... typedef unsigned int16 uint_fast16_t; 
.................... //typedef signed int24 int_fast24_t; 
.................... //typedef unsigned int24 uint_fast24_t; 
.................... typedef signed int64 int_fast64_t; 
.................... typedef unsigned int64 uint_fast64_t; 
.................... #else 
.................... typedef signed int8 int_fast8_t; 
.................... typedef unsigned int8 uint_fast8_t; 
.................... #define INT_FAST8_MAX  (128) 
.................... #define INT_FAST8_MIN  (-127) 
.................... #define UINT_FAST8_MAX (255) 
.................... typedef signed int16 int_fast16_t; 
.................... typedef unsigned int16 uint_fast16_t; 
.................... #endif 
....................  
.................... typedef signed int32 int_fast32_t; 
.................... typedef unsigned int32 uint_fast32_t; 
....................  
.................... #define INT_FAST16_MAX  (32767) 
.................... #define INT_FAST16_MIN  (-32768) 
.................... #define UINT_FAST16_MAX (65535) 
....................  
.................... #define INT_FAST32_MAX  (2147483647) 
.................... #define INT_FAST32_MIN  (-2147483648) 
.................... #define UINT_FAST32_MAX (4294967295) 
....................  
.................... #if defined(__PCD__) 
.................... //#define INT_FAST24_MAX  (8388607) 
.................... //#define INT_FAST24_MIN  (-8388608) 
.................... //#define UINT_FAST24_MAX (16777215) 
....................  
.................... #define INT_FAST64_MAX  (9223372036854775807) 
.................... #define INT_FAST64_MIN  (-9223372036854775808) 
.................... #define UINT_FAST64_MAX (18446744073709551615) 
.................... #endif 
....................  
.................... //////////// big enough to hold pointers (OPTIONAL) 
....................  
.................... /// TODO 
....................  
.................... /// intptr_t uintptr_t 
....................  
.................... /// INTPTRN_MIN INTPTRN_MAX UINTPTRN_MAX 
....................  
....................  
.................... /////////// greatest width (OPTIONAL) 
....................  
.................... /// TODO 
....................  
.................... /// intmax_t uintmax_t 
....................  
.................... /// INTMAXN_MIN INTMAXN_MAX UINTMAXN_MAX 
....................  
.................... /// INTMAX_C(value) UINTMAX_C(value) 
....................  
....................  
.................... #endif 
....................  
.................... #define PERIODO_FREC_PAP  35 //Periodo de la frecuencia de motor PAP A 35ms 
.................... //Vector con dimension de 4 que contiene la secuencia de paso doble 
.................... static const uint8_t paso_doble[4] ={0b1100, //Secuencia 1 
....................                                      0b0110, //Secuencia 2 
....................                                      0b0011, //Secuencia 3 
....................                                      0b1001};//Secuencia 4 
.................... //Funcion para el giro antihorario del motor PAP 
.................... void giro_antiH(void){ 
....................    for(int8_t j = 3; j>=0; j--){    //Bucle for para decrementar la variable 
*
067E:  MOVLW  03
067F:  MOVWF  26
0680:  BTFSC  26.7
0681:  GOTO   68F
....................       output_b(paso_doble[j]);        //Toma la secuencia del vector y lo refleja al puertos B 
0682:  MOVF   26,W
0683:  CALL   004
0684:  MOVWF  27
0685:  BSF    03.5
0686:  CLRF   06
0687:  BCF    03.5
0688:  MOVF   27,W
0689:  MOVWF  06
....................       delay_ms(PERIODO_FREC_PAP);   //Retardo para la velocidad del motor PAP 
068A:  MOVLW  23
068B:  MOVWF  34
068C:  CALL   013
068D:  DECF   26,F
068E:  GOTO   680
....................    } 
068F:  BCF    0A.3
0690:  BCF    0A.4
0691:  GOTO   6F9 (RETURN)
.................... } 
.................... //Funcion para el giro horario del motor PAP                                     
.................... void giro_horario(void){ 
....................    for(uint8_t i =0; i<4; i++){ //Bucle for para tomar los datos de nuestro vector 
*
0669:  CLRF   26
066A:  MOVF   26,W
066B:  SUBLW  03
066C:  BTFSS  03.0
066D:  GOTO   67B
....................       output_b(paso_doble[i]);   //Toma la secuencia del vector y lo refleja al puertos B 
066E:  MOVF   26,W
066F:  CALL   004
0670:  MOVWF  27
0671:  BSF    03.5
0672:  CLRF   06
0673:  BCF    03.5
0674:  MOVF   27,W
0675:  MOVWF  06
....................       delay_ms(PERIODO_FREC_PAP);//Retardo para la velocidad del motor PAP 
0676:  MOVLW  23
0677:  MOVWF  34
0678:  CALL   013
0679:  INCF   26,F
067A:  GOTO   66A
....................    } 
067B:  BCF    0A.3
067C:  BCF    0A.4
067D:  GOTO   6E8 (RETURN)
.................... } 
.................... //Funcion para configurar registros como entradas o salidas 
.................... void setup(void){ 
....................    set_tris_b(0x00); //Coloca todo el puerto B como salida 
....................    output_b(0x00);   //Limpia el puertos B 
.................... } 
.................... void main()  
*
0692:  MOVF   03,W
0693:  ANDLW  1F
0694:  MOVWF  03
0695:  MOVLW  FF
0696:  MOVWF  21
0697:  BSF    03.5
0698:  BSF    1F.0
0699:  BSF    1F.1
069A:  BSF    1F.2
069B:  BCF    1F.3
069C:  MOVLW  07
069D:  MOVWF  1C
069E:  BCF    03.7
.................... {  
....................    float Temperatura;   //Variable local 
....................    lcd_init();          //Inicializa LCD 
069F:  BCF    03.5
06A0:  GOTO   0E0
....................    lcd_putc("\f");      //Limpia pantalla LCD 
06A1:  MOVLW  0C
06A2:  BSF    03.6
06A3:  MOVWF  0D
06A4:  MOVLW  00
06A5:  MOVWF  0F
06A6:  BCF    03.6
06A7:  CALL   164
....................    lcd_gotoxy(1,1);     //Posiciona el mensaje 
06A8:  MOVLW  01
06A9:  MOVWF  34
06AA:  MOVWF  35
06AB:  CALL   126
....................    lcd_putc("Temperatura");//Mensaje a visualizar 
06AC:  MOVLW  0D
06AD:  BSF    03.6
06AE:  MOVWF  0D
06AF:  MOVLW  00
06B0:  MOVWF  0F
06B1:  BCF    03.6
06B2:  CALL   164
....................    while(true){  
....................       Temperatura = do_everything();   //Lee los datos del sensor ya en grados centigrados 
06B3:  GOTO   1BA
06B4:  MOVF   7A,W
06B5:  MOVWF  25
06B6:  MOVF   79,W
06B7:  MOVWF  24
06B8:  MOVF   78,W
06B9:  MOVWF  23
06BA:  MOVF   77,W
06BB:  MOVWF  22
....................       lcd_gotoxy(1,2);                 //Posiciona el mensaje 
06BC:  MOVLW  01
06BD:  MOVWF  34
06BE:  MOVLW  02
06BF:  MOVWF  35
06C0:  CALL   126
....................       printf(lcd_putc, "T:%3.2fC",Temperatura); // Visualiza la Temperatura en LCD 
06C1:  MOVLW  54
06C2:  MOVWF  33
06C3:  CALL   138
06C4:  MOVLW  3A
06C5:  MOVWF  33
06C6:  CALL   138
06C7:  MOVLW  02
06C8:  MOVWF  04
06C9:  MOVF   25,W
06CA:  MOVWF  29
06CB:  MOVF   24,W
06CC:  MOVWF  28
06CD:  MOVF   23,W
06CE:  MOVWF  27
06CF:  MOVF   22,W
06D0:  MOVWF  26
06D1:  MOVLW  02
06D2:  MOVWF  2A
06D3:  GOTO   4D5
06D4:  MOVLW  43
06D5:  MOVWF  33
06D6:  CALL   138
....................       //Verifica si la temperatura es mayor a 40 grados 
....................       if(Temperatura > 40){ 
06D7:  CLRF   29
06D8:  CLRF   28
06D9:  MOVLW  20
06DA:  MOVWF  27
06DB:  MOVLW  84
06DC:  MOVWF  26
06DD:  MOVF   25,W
06DE:  MOVWF  2D
06DF:  MOVF   24,W
06E0:  MOVWF  2C
06E1:  MOVF   23,W
06E2:  MOVWF  2B
06E3:  MOVF   22,W
06E4:  MOVWF  2A
06E5:  CALL   62A
06E6:  BTFSC  03.0
....................          giro_horario();   //El motor Gira en sentido horario 
06E7:  GOTO   669
....................       } 
....................       //Verifica si la temperatura es menor a 35 grados 
....................       if(Temperatura < 35){ 
06E8:  MOVF   25,W
06E9:  MOVWF  29
06EA:  MOVF   24,W
06EB:  MOVWF  28
06EC:  MOVF   23,W
06ED:  MOVWF  27
06EE:  MOVF   22,W
06EF:  MOVWF  26
06F0:  CLRF   2D
06F1:  CLRF   2C
06F2:  MOVLW  0C
06F3:  MOVWF  2B
06F4:  MOVLW  84
06F5:  MOVWF  2A
06F6:  CALL   62A
06F7:  BTFSC  03.0
....................          giro_antiH();     //El motor gira en sentido antihorario 
06F8:  GOTO   67E
....................       } 
06F9:  GOTO   6B3
....................    }  
.................... }  
06FA:  SLEEP

Configuration Fuses:
   Word  1: 3F39   XT NOWDT NOPUT NOBROWNOUT NOLVP NOCPD NOWRT NODEBUG NOPROTECT
