
ROM used:   1787/8192 (22%)
            1787/8192 (22%) including unused fragments

            1.2 Average locations per line
            12.2 Average locations per statement

RAM used:   11/368 (3%) at main() level
            37/368 (10%) worst case

Stack used: 5 worst case (5 in main + 0 for interrupts)
Stack size: 8

Lines Stmts  %   Files
----- ----- ---  -----
   77    25  17  MAX6675_PAP.c
  671     0   0  C:\Program Files (x86)\PICC\Devices\16f877a.h
  456   100  68  C:\Program Files (x86)\PICC\Drivers\lcd.c
   88    21  14  max6675.c
  163     0   0  C:\Program Files (x86)\PICC\Drivers\stdint.h
----- -----
 1455   146 Total

Page ROM  %  RAM   Vol Diff  Functions:
---- --- --- ---   --- ----  ----------
0     21   1    1             @delay_ms1
 Inline         3   760  4.5  lcd_read_byte
0     49   3    2   262  3.7  lcd_read_nibble
0     43   2    1   399  2.4  lcd_send_nibble
0     92   5    3   415  3.7  lcd_send_byte
0     70   4    6   852  6.2  lcd_init
0     18   1    4   208  6.3  lcd_gotoxy
0     44   2    1   354  4.7  lcd_putc
 Inline         0    54  1.2  init_TC
 Inline         3   430  4.7  read_TC
 Inline         2    48  2.1  sortout
 Inline         6    59  2.0  toFloat_TC
 Inline         2             @ITOF
 Inline        16             @ADDFF
 Inline        14             @DIVFF
0    716  40    2    72  1.4  do_everything
0      8   0    0   120  3.4  @const694
0     20   1    1   120  3.4  giro_antiH
0     21   1    1   120  3.4  giro_horario
0    105   6    4   331  4.0  MAIN
0      1   0    0             @const705
0     86   5    4             @PSTRINGC7_645
0      6   0    0             @const707
 Inline        13             @MULFF
 Inline         5             @FTOSD
0     79   4   13             @DIV3232
0    341  19   13             @PRINTF_L32D_645FPFPF
0     63   4   10             @FLT
 Inline         0             @cinit1

Program metrics:
    Functions               16
    Statements              146
    Comments                376
    Volume (V)              7785
    Difficulty (D)          57.2
    Effort to implement (E) 445550
    Time to implement (T)   6 hours, 53 minutes
    Est Delivered Bugs (B)  2
    Cyclomatic Complexity   14
    Maintainability (MI)    150

 Segment     Used  Free
-----------  ----  ----
00000-00003     4  0  
00004-007FF  1783  261  
00800-00FFF     0  2048  
01000-017FF     0  2048  
01800-01FFF     0  2048  



